2025-01-15 16:08:50,421 - INFO - file_cache is only supported with oauth2client<4.0.0
2025-01-15 16:09:11,813 - INFO - Starting the scrape_google_maps_metadata function
2025-01-15 16:09:11,815 - INFO - API queries_quota: 60
2025-01-15 16:09:12,567 - INFO - No more pages available.
2025-01-15 16:09:25,985 - INFO - Starting the scrape_google_maps_metadata function
2025-01-15 16:09:25,987 - INFO - API queries_quota: 60
2025-01-15 16:09:26,597 - INFO - No more pages available.
2025-01-15 16:09:26,603 - INFO - Starting the scrape_google_maps_metadata function
2025-01-15 16:09:26,605 - INFO - API queries_quota: 60
2025-01-15 16:09:26,794 - INFO - No more pages available.
2025-01-15 16:09:26,799 - INFO - Starting the scrape_google_maps_metadata function
2025-01-15 16:09:26,800 - INFO - API queries_quota: 60
2025-01-15 16:09:26,969 - INFO - No more pages available.
2025-01-15 16:09:26,975 - INFO - Starting the scrape_google_maps_metadata function
2025-01-15 16:09:26,977 - INFO - API queries_quota: 60
2025-01-15 16:09:27,581 - INFO - No more pages available.
2025-01-15 16:09:27,585 - INFO - Starting the scrape_google_maps_metadata function
2025-01-15 16:09:27,587 - INFO - API queries_quota: 60
2025-01-15 16:09:28,090 - INFO - No more pages available.
2025-01-15 16:09:28,095 - INFO - Starting the scrape_google_maps_metadata function
2025-01-15 16:09:28,097 - INFO - API queries_quota: 60
2025-01-15 16:09:28,953 - INFO - Waiting for next page token to activate...
2025-01-15 16:09:31,963 - INFO - Starting the scrape_google_maps_metadata function
2025-01-15 16:09:31,965 - INFO - API queries_quota: 60
2025-01-15 16:09:32,635 - INFO - No more pages available.
2025-01-15 16:09:32,641 - INFO - Starting the scrape_google_maps_metadata function
2025-01-15 16:09:32,642 - INFO - API queries_quota: 60
2025-01-15 16:09:33,160 - INFO - No more pages available.
2025-01-15 16:09:33,165 - INFO - Starting the scrape_google_maps_metadata function
2025-01-15 16:09:33,167 - INFO - API queries_quota: 60
2025-01-15 16:09:33,778 - INFO - No more pages available.
2025-01-15 16:09:33,784 - INFO - Starting the scrape_google_maps_metadata function
2025-01-15 16:09:33,785 - INFO - API queries_quota: 60
2025-01-15 16:09:34,773 - INFO - No more pages available.
2025-01-15 16:09:34,778 - INFO - Starting the scrape_google_maps_metadata function
2025-01-15 16:09:34,779 - INFO - API queries_quota: 60
2025-01-15 16:09:35,420 - INFO - No more pages available.
2025-01-15 16:09:35,425 - INFO - Starting the scrape_google_maps_metadata function
2025-01-15 16:09:35,427 - INFO - API queries_quota: 60
2025-01-15 16:09:36,016 - INFO - No more pages available.
2025-01-15 16:09:36,021 - INFO - Starting the scrape_google_maps_metadata function
2025-01-15 16:09:36,022 - INFO - API queries_quota: 60
2025-01-15 16:09:36,524 - INFO - No more pages available.
2025-01-15 16:09:36,527 - INFO - Starting the scrape_google_maps_metadata function
2025-01-15 16:09:36,528 - INFO - API queries_quota: 60
2025-01-15 16:09:37,186 - INFO - No more pages available.
2025-01-15 16:09:37,190 - INFO - Starting the scrape_google_maps_metadata function
2025-01-15 16:09:37,191 - INFO - API queries_quota: 60
2025-01-15 16:09:37,743 - INFO - No more pages available.
2025-01-15 16:09:37,749 - INFO - Starting the scrape_google_maps_metadata function
2025-01-15 16:09:37,750 - INFO - API queries_quota: 60
2025-01-15 16:09:38,271 - INFO - No more pages available.
2025-01-15 16:09:38,276 - INFO - Starting the scrape_google_maps_metadata function
2025-01-15 16:09:38,278 - INFO - API queries_quota: 60
2025-01-15 16:09:38,891 - INFO - No more pages available.
2025-01-15 16:09:38,896 - INFO - Starting the scrape_google_maps_metadata function
2025-01-15 16:09:38,897 - INFO - API queries_quota: 60
2025-01-15 16:09:39,374 - INFO - No more pages available.
2025-01-15 16:09:39,378 - INFO - Starting the scrape_google_maps_metadata function
2025-01-15 16:09:39,379 - INFO - API queries_quota: 60
2025-01-15 16:09:39,916 - INFO - No more pages available.
2025-01-15 16:09:39,921 - INFO - Starting the scrape_google_maps_metadata function
2025-01-15 16:09:39,922 - INFO - API queries_quota: 60
2025-01-15 16:09:40,447 - INFO - No more pages available.
2025-01-15 16:09:40,453 - INFO - Starting the scrape_google_maps_metadata function
2025-01-15 16:09:40,454 - INFO - API queries_quota: 60
2025-01-15 16:09:41,065 - INFO - No more pages available.
2025-01-15 16:09:41,068 - INFO - Starting the scrape_google_maps_metadata function
2025-01-15 16:09:41,069 - INFO - API queries_quota: 60
2025-01-15 16:09:41,561 - INFO - No more pages available.
2025-01-15 16:09:41,567 - INFO - Starting the scrape_google_maps_metadata function
2025-01-15 16:09:41,568 - INFO - API queries_quota: 60
2025-01-15 16:09:42,077 - INFO - No more pages available.
2025-01-15 16:09:42,083 - INFO - Starting the scrape_google_maps_metadata function
2025-01-15 16:09:42,085 - INFO - API queries_quota: 60
2025-01-15 16:09:42,566 - INFO - No more pages available.
2025-01-15 16:09:42,571 - INFO - Starting the scrape_google_maps_metadata function
2025-01-15 16:09:42,573 - INFO - API queries_quota: 60
2025-01-15 16:09:43,027 - INFO - No more pages available.
2025-01-15 16:09:43,031 - INFO - Starting the scrape_google_maps_metadata function
2025-01-15 16:09:43,032 - INFO - API queries_quota: 60
2025-01-15 16:09:43,593 - INFO - No more pages available.
2025-01-15 16:09:43,598 - INFO - Starting the scrape_google_maps_metadata function
2025-01-15 16:09:43,600 - INFO - API queries_quota: 60
2025-01-15 16:09:44,163 - INFO - No more pages available.
2025-01-15 16:09:44,169 - INFO - Starting the scrape_google_maps_metadata function
2025-01-15 16:09:44,170 - INFO - API queries_quota: 60
2025-01-15 16:09:44,779 - INFO - Waiting for next page token to activate...
2025-01-15 16:09:47,786 - INFO - Starting the scrape_google_maps_metadata function
2025-01-15 16:09:47,788 - INFO - API queries_quota: 60
2025-01-15 16:09:48,386 - INFO - No more pages available.
2025-01-15 16:09:48,392 - INFO - Starting the scrape_google_maps_metadata function
2025-01-15 16:09:48,394 - INFO - API queries_quota: 60
2025-01-15 16:09:48,974 - INFO - No more pages available.
2025-01-15 16:09:48,980 - INFO - Starting the scrape_google_maps_metadata function
2025-01-15 16:09:48,981 - INFO - API queries_quota: 60
2025-01-15 16:09:49,526 - INFO - No more pages available.
2025-01-15 16:09:49,531 - INFO - Starting the scrape_google_maps_metadata function
2025-01-15 16:09:49,533 - INFO - API queries_quota: 60
2025-01-15 16:09:50,257 - INFO - Waiting for next page token to activate...
2025-01-15 16:09:53,266 - INFO - Starting the scrape_google_maps_metadata function
2025-01-15 16:09:53,268 - INFO - API queries_quota: 60
2025-01-15 16:09:53,868 - INFO - No more pages available.
2025-01-15 16:09:53,874 - INFO - Starting the scrape_google_maps_metadata function
2025-01-15 16:09:53,876 - INFO - API queries_quota: 60
2025-01-15 16:09:54,471 - INFO - No more pages available.
2025-01-15 16:09:54,478 - INFO - Starting the scrape_google_maps_metadata function
2025-01-15 16:09:54,479 - INFO - API queries_quota: 60
2025-01-15 16:09:55,127 - INFO - No more pages available.
2025-01-15 16:09:55,132 - INFO - Starting the scrape_google_maps_metadata function
2025-01-15 16:09:55,134 - INFO - API queries_quota: 60
2025-01-15 16:09:55,632 - INFO - No more pages available.
2025-01-15 16:09:55,636 - INFO - Starting the scrape_google_maps_metadata function
2025-01-15 16:09:55,637 - INFO - API queries_quota: 60
2025-01-15 16:10:57,124 - INFO - Starting the scrape_google_maps_metadata function
2025-01-15 16:10:57,126 - INFO - API queries_quota: 60
2025-01-15 16:10:57,551 - INFO - No more pages available.
2025-01-15 16:11:58,273 - INFO - Starting the scrape_google_maps_metadata function
2025-01-15 16:11:58,276 - INFO - API queries_quota: 60
2025-01-15 16:11:58,875 - INFO - No more pages available.
2025-01-15 16:11:58,881 - INFO - Starting the scrape_google_maps_metadata function
2025-01-15 16:11:58,883 - INFO - API queries_quota: 60
2025-01-15 16:11:59,093 - INFO - No more pages available.
2025-01-15 16:11:59,098 - INFO - Starting the scrape_google_maps_metadata function
2025-01-15 16:11:59,099 - INFO - API queries_quota: 60
2025-01-15 16:11:59,551 - INFO - No more pages available.
2025-01-15 16:11:59,554 - INFO - Starting the scrape_google_maps_metadata function
2025-01-15 16:11:59,556 - INFO - API queries_quota: 60
2025-01-15 16:12:00,000 - INFO - No more pages available.
2025-01-15 16:12:00,005 - INFO - Starting the scrape_google_maps_metadata function
2025-01-15 16:12:00,006 - INFO - API queries_quota: 60
2025-01-15 16:12:00,585 - INFO - No more pages available.
2025-01-15 16:12:00,588 - INFO - Starting the scrape_google_maps_metadata function
2025-01-15 16:12:00,590 - INFO - API queries_quota: 60
2025-01-15 16:12:01,363 - INFO - Waiting for next page token to activate...
2025-01-15 16:12:04,373 - INFO - Starting the scrape_google_maps_metadata function
2025-01-15 16:12:04,376 - INFO - API queries_quota: 60
2025-01-15 16:12:04,903 - INFO - No more pages available.
2025-01-15 16:12:04,909 - INFO - Starting the scrape_google_maps_metadata function
2025-01-15 16:12:04,910 - INFO - API queries_quota: 60
2025-01-15 16:12:05,620 - INFO - No more pages available.
2025-01-15 16:12:05,626 - INFO - Starting the scrape_google_maps_metadata function
2025-01-15 16:12:05,628 - INFO - API queries_quota: 60
2025-01-15 16:12:06,077 - INFO - No more pages available.
2025-01-15 16:12:06,083 - INFO - Starting the scrape_google_maps_metadata function
2025-01-15 16:12:06,085 - INFO - API queries_quota: 60
2025-01-15 16:12:06,526 - INFO - No more pages available.
2025-01-15 16:12:06,532 - INFO - Starting the scrape_google_maps_metadata function
2025-01-15 16:12:06,533 - INFO - API queries_quota: 60
2025-01-15 16:12:06,966 - INFO - No more pages available.
2025-01-15 16:12:06,972 - INFO - Starting the scrape_google_maps_metadata function
2025-01-15 16:12:06,974 - INFO - API queries_quota: 60
2025-01-15 16:12:07,487 - INFO - No more pages available.
2025-01-15 16:12:07,492 - INFO - Starting the scrape_google_maps_metadata function
2025-01-15 16:12:07,494 - INFO - API queries_quota: 60
2025-01-15 16:12:07,940 - INFO - No more pages available.
2025-01-15 16:12:07,946 - INFO - Starting the scrape_google_maps_metadata function
2025-01-15 16:12:07,947 - INFO - API queries_quota: 60
2025-01-15 16:12:08,379 - INFO - No more pages available.
2025-01-15 16:12:08,385 - INFO - Starting the scrape_google_maps_metadata function
2025-01-15 16:12:08,386 - INFO - API queries_quota: 60
2025-01-15 16:12:08,900 - INFO - No more pages available.
2025-01-15 16:12:08,906 - INFO - Starting the scrape_google_maps_metadata function
2025-01-15 16:12:08,908 - INFO - API queries_quota: 60
2025-01-15 16:12:09,516 - INFO - No more pages available.
2025-01-15 16:12:09,520 - INFO - Starting the scrape_google_maps_metadata function
2025-01-15 16:12:09,522 - INFO - API queries_quota: 60
2025-01-15 16:12:10,029 - INFO - No more pages available.
2025-01-15 16:12:10,035 - INFO - Starting the scrape_google_maps_metadata function
2025-01-15 16:12:10,036 - INFO - API queries_quota: 60
2025-01-15 16:12:10,588 - INFO - No more pages available.
2025-01-15 16:12:10,594 - INFO - Starting the scrape_google_maps_metadata function
2025-01-15 16:12:10,596 - INFO - API queries_quota: 60
2025-01-15 16:12:11,112 - INFO - No more pages available.
2025-01-15 16:12:11,118 - INFO - Starting the scrape_google_maps_metadata function
2025-01-15 16:12:11,119 - INFO - API queries_quota: 60
2025-01-15 16:12:11,615 - INFO - No more pages available.
2025-01-15 16:12:11,621 - INFO - Starting the scrape_google_maps_metadata function
2025-01-15 16:12:11,623 - INFO - API queries_quota: 60
2025-01-15 16:12:12,299 - INFO - No more pages available.
2025-01-15 16:12:12,305 - INFO - Starting the scrape_google_maps_metadata function
2025-01-15 16:12:12,306 - INFO - API queries_quota: 60
2025-01-15 16:12:12,968 - INFO - No more pages available.
2025-01-15 16:12:12,974 - INFO - Starting the scrape_google_maps_metadata function
2025-01-15 16:12:12,976 - INFO - API queries_quota: 60
2025-01-15 16:12:13,473 - INFO - No more pages available.
2025-01-15 16:12:13,479 - INFO - Starting the scrape_google_maps_metadata function
2025-01-15 16:12:13,481 - INFO - API queries_quota: 60
2025-01-15 16:12:13,939 - INFO - No more pages available.
2025-01-15 16:12:13,943 - INFO - Starting the scrape_google_maps_metadata function
2025-01-15 16:12:13,944 - INFO - API queries_quota: 60
2025-01-15 16:12:14,533 - INFO - No more pages available.
2025-01-15 16:12:14,539 - INFO - Starting the scrape_google_maps_metadata function
2025-01-15 16:12:14,541 - INFO - API queries_quota: 60
2025-01-15 16:12:15,062 - INFO - No more pages available.
2025-01-15 16:12:15,067 - INFO - Starting the scrape_google_maps_metadata function
2025-01-15 16:12:15,068 - INFO - API queries_quota: 60
2025-01-15 16:12:15,614 - INFO - No more pages available.
2025-01-15 16:12:15,619 - INFO - Starting the scrape_google_maps_metadata function
2025-01-15 16:12:15,621 - INFO - API queries_quota: 60
2025-01-15 16:12:16,274 - INFO - Waiting for next page token to activate...
2025-01-15 16:12:19,285 - INFO - Starting the scrape_google_maps_metadata function
2025-01-15 16:12:19,287 - INFO - API queries_quota: 60
2025-01-15 16:12:19,857 - INFO - No more pages available.
2025-01-15 16:12:19,862 - INFO - Starting the scrape_google_maps_metadata function
2025-01-15 16:12:19,864 - INFO - API queries_quota: 60
2025-01-15 16:12:20,451 - INFO - No more pages available.
2025-01-15 16:12:20,457 - INFO - Starting the scrape_google_maps_metadata function
2025-01-15 16:12:20,459 - INFO - API queries_quota: 60
2025-01-15 16:12:20,850 - INFO - No more pages available.
2025-01-15 16:12:20,854 - INFO - Starting the scrape_google_maps_metadata function
2025-01-15 16:12:20,854 - INFO - API queries_quota: 60
2025-01-15 16:12:21,517 - INFO - Waiting for next page token to activate...
2025-01-15 16:12:24,526 - INFO - Starting the scrape_google_maps_metadata function
2025-01-15 16:12:24,528 - INFO - API queries_quota: 60
2025-01-15 16:12:25,006 - INFO - No more pages available.
2025-01-15 16:12:25,011 - INFO - Starting the scrape_google_maps_metadata function
2025-01-15 16:12:25,018 - INFO - API queries_quota: 60
2025-01-15 16:12:25,528 - INFO - No more pages available.
2025-01-15 16:12:25,533 - INFO - Starting the scrape_google_maps_metadata function
2025-01-15 16:12:25,535 - INFO - API queries_quota: 60
2025-01-15 16:12:26,021 - INFO - No more pages available.
2025-01-15 16:12:26,025 - INFO - Starting the scrape_google_maps_metadata function
2025-01-15 16:12:26,026 - INFO - API queries_quota: 60
2025-01-15 16:12:26,452 - INFO - No more pages available.
2025-01-15 16:12:26,458 - INFO - Starting the scrape_google_maps_metadata function
2025-01-15 16:12:26,460 - INFO - API queries_quota: 60
2025-01-15 16:12:26,873 - INFO - No more pages available.
2025-01-15 16:12:26,878 - INFO - Starting the scrape_google_maps_metadata function
2025-01-15 16:12:26,879 - INFO - API queries_quota: 60
2025-01-15 16:12:27,382 - INFO - No more pages available.
2025-01-15 16:12:27,389 - INFO - Starting the scrape_google_maps_metadata function
2025-01-15 16:12:27,390 - INFO - API queries_quota: 60
2025-01-15 16:12:28,085 - INFO - Waiting for next page token to activate...
2025-01-15 16:12:31,094 - INFO - Starting the scrape_google_maps_metadata function
2025-01-15 16:12:31,096 - INFO - API queries_quota: 60
2025-01-15 16:12:31,629 - INFO - No more pages available.
2025-01-15 16:12:31,631 - INFO - Starting the scrape_google_maps_metadata function
2025-01-15 16:12:31,632 - INFO - API queries_quota: 60
2025-01-15 16:12:32,337 - INFO - No more pages available.
2025-01-15 16:12:32,340 - INFO - Starting the scrape_google_maps_metadata function
2025-01-15 16:12:32,341 - INFO - API queries_quota: 60
2025-01-15 16:12:32,914 - INFO - No more pages available.
2025-01-15 16:12:32,920 - INFO - Starting the scrape_google_maps_metadata function
2025-01-15 16:12:32,921 - INFO - API queries_quota: 60
2025-01-15 16:12:33,375 - INFO - No more pages available.
2025-01-15 16:12:33,380 - INFO - Starting the scrape_google_maps_metadata function
2025-01-15 16:12:33,381 - INFO - API queries_quota: 60
2025-01-15 16:12:33,857 - INFO - No more pages available.
2025-01-15 16:12:33,863 - INFO - Starting the scrape_google_maps_metadata function
2025-01-15 16:12:33,865 - INFO - API queries_quota: 60
2025-01-15 16:12:34,347 - INFO - No more pages available.
2025-01-15 16:12:34,352 - INFO - Starting the scrape_google_maps_metadata function
2025-01-15 16:12:34,354 - INFO - API queries_quota: 60
2025-01-15 16:12:34,910 - INFO - No more pages available.
2025-01-15 16:12:34,916 - INFO - Starting the scrape_google_maps_metadata function
2025-01-15 16:12:34,918 - INFO - API queries_quota: 60
2025-01-15 16:12:35,488 - INFO - No more pages available.
2025-01-15 16:12:35,492 - INFO - Starting the scrape_google_maps_metadata function
2025-01-15 16:12:35,493 - INFO - API queries_quota: 60
2025-01-15 16:12:36,036 - INFO - No more pages available.
2025-01-15 16:12:36,040 - INFO - Starting the scrape_google_maps_metadata function
2025-01-15 16:12:36,041 - INFO - API queries_quota: 60
2025-01-15 16:12:36,621 - INFO - No more pages available.
2025-01-15 16:12:36,625 - INFO - Starting the scrape_google_maps_metadata function
2025-01-15 16:12:36,627 - INFO - API queries_quota: 60
2025-01-15 16:12:37,218 - INFO - No more pages available.
2025-01-15 16:12:37,224 - INFO - Starting the scrape_google_maps_metadata function
2025-01-15 16:12:37,226 - INFO - API queries_quota: 60
2025-01-15 16:12:37,734 - INFO - No more pages available.
2025-01-15 16:12:37,737 - INFO - Starting the scrape_google_maps_metadata function
2025-01-15 16:12:37,739 - INFO - API queries_quota: 60
2025-01-15 16:12:38,201 - INFO - No more pages available.
2025-01-15 16:12:38,206 - INFO - Starting the scrape_google_maps_metadata function
2025-01-15 16:12:38,207 - INFO - API queries_quota: 60
2025-01-15 16:12:38,651 - INFO - No more pages available.
2025-01-15 16:12:38,657 - INFO - Starting the scrape_google_maps_metadata function
2025-01-15 16:12:38,658 - INFO - API queries_quota: 60
2025-01-15 16:12:39,184 - INFO - No more pages available.
2025-01-15 16:12:39,190 - INFO - Starting the scrape_google_maps_metadata function
2025-01-15 16:12:39,192 - INFO - API queries_quota: 60
2025-01-15 16:12:39,723 - INFO - No more pages available.
2025-01-15 16:12:39,729 - INFO - Starting the scrape_google_maps_metadata function
2025-01-15 16:12:39,731 - INFO - API queries_quota: 60
2025-01-15 16:12:40,522 - INFO - No more pages available.
2025-01-15 16:12:40,528 - INFO - Starting the scrape_google_maps_metadata function
2025-01-15 16:12:40,530 - INFO - API queries_quota: 60
2025-01-15 16:12:41,036 - INFO - No more pages available.
2025-01-15 16:12:41,041 - INFO - Starting the scrape_google_maps_metadata function
2025-01-15 16:12:41,042 - INFO - API queries_quota: 60
2025-01-15 16:12:41,609 - INFO - No more pages available.
2025-01-15 16:12:41,616 - INFO - Starting the scrape_google_maps_metadata function
2025-01-15 16:12:41,617 - INFO - API queries_quota: 60
2025-01-15 16:12:42,118 - INFO - No more pages available.
2025-01-15 16:12:42,123 - INFO - Starting the scrape_google_maps_metadata function
2025-01-15 16:12:42,125 - INFO - API queries_quota: 60
2025-01-15 16:12:42,671 - INFO - No more pages available.
2025-01-15 16:12:42,677 - INFO - Starting the scrape_google_maps_metadata function
2025-01-15 16:12:42,679 - INFO - API queries_quota: 60
2025-01-15 16:12:43,224 - INFO - No more pages available.
2025-01-15 16:12:43,230 - INFO - Starting the scrape_google_maps_metadata function
2025-01-15 16:12:43,231 - INFO - API queries_quota: 60
2025-01-15 16:12:43,726 - INFO - No more pages available.
2025-01-15 16:12:43,732 - INFO - Starting the scrape_google_maps_metadata function
2025-01-15 16:12:43,733 - INFO - API queries_quota: 60
2025-01-15 16:12:44,268 - INFO - No more pages available.
2025-01-15 16:12:44,273 - INFO - Starting the scrape_google_maps_metadata function
2025-01-15 16:12:44,275 - INFO - API queries_quota: 60
2025-01-15 16:12:44,842 - INFO - No more pages available.
2025-01-15 16:12:44,848 - INFO - Starting the scrape_google_maps_metadata function
2025-01-15 16:12:44,849 - INFO - API queries_quota: 60
2025-01-15 16:12:45,592 - INFO - No more pages available.
2025-01-15 16:12:45,598 - INFO - Starting the scrape_google_maps_metadata function
2025-01-15 16:12:45,600 - INFO - API queries_quota: 60
2025-01-15 16:12:46,155 - INFO - No more pages available.
2025-01-15 16:12:46,158 - INFO - Starting the scrape_google_maps_metadata function
2025-01-15 16:12:46,159 - INFO - API queries_quota: 60
2025-01-15 16:12:46,746 - INFO - No more pages available.
2025-01-15 16:12:46,752 - INFO - Starting the scrape_google_maps_metadata function
2025-01-15 16:12:46,754 - INFO - API queries_quota: 60
2025-01-15 16:12:47,227 - INFO - No more pages available.
2025-01-15 16:12:47,233 - INFO - Starting the scrape_google_maps_metadata function
2025-01-15 16:12:47,235 - INFO - API queries_quota: 60
2025-01-15 16:12:47,690 - INFO - No more pages available.
2025-01-15 16:12:47,695 - INFO - Starting the scrape_google_maps_metadata function
2025-01-15 16:12:47,696 - INFO - API queries_quota: 60
2025-01-15 16:12:48,255 - INFO - No more pages available.
2025-01-15 16:12:48,261 - INFO - Starting the scrape_google_maps_metadata function
2025-01-15 16:12:48,262 - INFO - API queries_quota: 60
2025-01-15 16:12:48,735 - INFO - No more pages available.
2025-01-15 16:12:48,740 - INFO - Starting the scrape_google_maps_metadata function
2025-01-15 16:12:48,742 - INFO - API queries_quota: 60
2025-01-15 16:12:49,251 - INFO - No more pages available.
2025-01-15 16:12:49,256 - INFO - Starting the scrape_google_maps_metadata function
2025-01-15 16:12:49,258 - INFO - API queries_quota: 60
2025-01-15 16:12:49,710 - INFO - No more pages available.
2025-01-15 16:12:49,714 - INFO - Starting the scrape_google_maps_metadata function
2025-01-15 16:12:49,716 - INFO - API queries_quota: 60
2025-01-15 16:12:50,280 - INFO - No more pages available.
2025-01-15 16:12:50,286 - INFO - Starting the scrape_google_maps_metadata function
2025-01-15 16:12:50,289 - INFO - API queries_quota: 60
2025-01-15 16:12:50,848 - INFO - No more pages available.
2025-01-15 16:12:50,851 - INFO - Starting the scrape_google_maps_metadata function
2025-01-15 16:12:50,852 - INFO - API queries_quota: 60
2025-01-15 16:12:51,264 - INFO - No more pages available.
2025-01-15 16:12:51,270 - INFO - Starting the scrape_google_maps_metadata function
2025-01-15 16:12:51,272 - INFO - API queries_quota: 60
2025-01-15 16:12:51,804 - INFO - No more pages available.
2025-01-15 16:12:51,810 - INFO - Starting the scrape_google_maps_metadata function
2025-01-15 16:12:51,811 - INFO - API queries_quota: 60
2025-01-15 16:12:52,352 - INFO - No more pages available.
2025-01-15 16:12:52,357 - INFO - Starting the scrape_google_maps_metadata function
2025-01-15 16:12:52,359 - INFO - API queries_quota: 60
2025-01-15 16:12:52,794 - INFO - No more pages available.
2025-01-15 16:12:52,799 - INFO - Starting the scrape_google_maps_metadata function
2025-01-15 16:12:52,800 - INFO - API queries_quota: 60
2025-01-15 16:12:53,313 - INFO - No more pages available.
2025-01-15 16:12:53,318 - INFO - Starting the scrape_google_maps_metadata function
2025-01-15 16:12:53,319 - INFO - API queries_quota: 60
2025-01-15 16:12:53,843 - INFO - No more pages available.
2025-01-15 16:12:53,847 - INFO - Starting the scrape_google_maps_metadata function
2025-01-15 16:12:53,849 - INFO - API queries_quota: 60
2025-01-15 16:12:54,296 - INFO - No more pages available.
2025-01-15 16:12:54,299 - INFO - Starting the scrape_google_maps_metadata function
2025-01-15 16:12:54,301 - INFO - API queries_quota: 60
2025-01-15 16:12:54,772 - INFO - No more pages available.
2025-01-15 16:12:54,776 - INFO - Starting the scrape_google_maps_metadata function
2025-01-15 16:12:54,778 - INFO - API queries_quota: 60
2025-01-15 16:12:55,422 - INFO - No more pages available.
2025-01-15 16:12:55,425 - INFO - Starting the scrape_google_maps_metadata function
2025-01-15 16:12:55,427 - INFO - API queries_quota: 60
2025-01-15 16:12:55,969 - INFO - No more pages available.
2025-01-15 16:12:55,974 - INFO - Starting the scrape_google_maps_metadata function
2025-01-15 16:12:55,975 - INFO - API queries_quota: 60
2025-01-15 16:12:56,460 - INFO - No more pages available.
2025-01-15 16:12:56,465 - INFO - Starting the scrape_google_maps_metadata function
2025-01-15 16:12:56,467 - INFO - API queries_quota: 60
2025-01-15 16:12:57,039 - INFO - No more pages available.
2025-01-15 16:12:57,043 - INFO - Starting the scrape_google_maps_metadata function
2025-01-15 16:12:57,045 - INFO - API queries_quota: 60
2025-01-15 16:12:57,573 - INFO - No more pages available.
2025-01-15 16:12:57,578 - INFO - Starting the scrape_google_maps_metadata function
2025-01-15 16:12:57,580 - INFO - API queries_quota: 60
2025-01-15 16:12:58,137 - INFO - No more pages available.
2025-01-15 16:12:58,141 - INFO - Starting the scrape_google_maps_metadata function
2025-01-15 16:12:58,143 - INFO - API queries_quota: 60
2025-01-15 16:12:58,565 - INFO - No more pages available.
2025-01-15 16:12:58,569 - INFO - Starting the scrape_google_maps_metadata function
2025-01-15 16:12:58,571 - INFO - API queries_quota: 60
2025-01-15 16:12:59,176 - INFO - No more pages available.
2025-01-15 16:12:59,181 - INFO - Starting the scrape_google_maps_metadata function
2025-01-15 16:12:59,182 - INFO - API queries_quota: 60
2025-01-15 16:12:59,696 - INFO - No more pages available.
2025-01-15 16:12:59,702 - INFO - Starting the scrape_google_maps_metadata function
2025-01-15 16:12:59,703 - INFO - API queries_quota: 60
2025-01-15 16:13:00,218 - INFO - No more pages available.
2025-01-15 16:13:00,224 - INFO - Starting the scrape_google_maps_metadata function
2025-01-15 16:13:00,226 - INFO - API queries_quota: 60
2025-01-15 16:13:00,824 - INFO - No more pages available.
2025-01-15 16:13:00,828 - INFO - Starting the scrape_google_maps_metadata function
2025-01-15 16:13:00,829 - INFO - API queries_quota: 60
2025-01-15 16:13:01,292 - INFO - No more pages available.
2025-01-15 16:13:01,297 - INFO - Starting the scrape_google_maps_metadata function
2025-01-15 16:13:01,299 - INFO - API queries_quota: 60
2025-01-15 16:13:01,735 - INFO - No more pages available.
2025-01-15 16:13:01,741 - INFO - Starting the scrape_google_maps_metadata function
2025-01-15 16:13:01,744 - INFO - API queries_quota: 60
2025-01-15 16:13:02,325 - INFO - No more pages available.
2025-01-15 16:13:02,329 - INFO - Starting the scrape_google_maps_metadata function
2025-01-15 16:13:02,331 - INFO - API queries_quota: 60
2025-01-15 16:13:02,861 - INFO - No more pages available.
2025-01-15 16:13:02,865 - INFO - Starting the scrape_google_maps_metadata function
2025-01-15 16:13:02,867 - INFO - API queries_quota: 60
2025-01-15 16:13:03,428 - INFO - No more pages available.
2025-01-15 16:13:03,433 - INFO - Starting the scrape_google_maps_metadata function
2025-01-15 16:13:03,434 - INFO - API queries_quota: 60
2025-01-15 16:13:03,912 - INFO - No more pages available.
2025-01-15 16:13:03,917 - INFO - Starting the scrape_google_maps_metadata function
2025-01-15 16:13:03,919 - INFO - API queries_quota: 60
2025-01-15 16:13:04,604 - INFO - No more pages available.
2025-01-15 16:13:04,609 - INFO - Starting the scrape_google_maps_metadata function
2025-01-15 16:13:04,611 - INFO - API queries_quota: 60
2025-01-15 16:13:05,096 - INFO - No more pages available.
2025-01-15 16:13:05,100 - INFO - Starting the scrape_google_maps_metadata function
2025-01-15 16:13:05,102 - INFO - API queries_quota: 60
2025-01-15 16:13:05,686 - INFO - No more pages available.
2025-01-15 16:13:05,690 - INFO - Starting the scrape_google_maps_metadata function
2025-01-15 16:13:05,691 - INFO - API queries_quota: 60
2025-01-15 16:13:06,376 - INFO - No more pages available.
2025-01-15 16:13:06,381 - INFO - Starting the scrape_google_maps_metadata function
2025-01-15 16:13:06,383 - INFO - API queries_quota: 60
2025-01-15 16:13:06,881 - INFO - No more pages available.
2025-01-15 16:13:06,886 - INFO - Starting the scrape_google_maps_metadata function
2025-01-15 16:13:06,887 - INFO - API queries_quota: 60
2025-01-15 16:13:07,409 - INFO - No more pages available.
2025-01-15 16:13:07,414 - INFO - Starting the scrape_google_maps_metadata function
2025-01-15 16:13:07,417 - INFO - API queries_quota: 60
2025-01-15 16:13:07,982 - INFO - No more pages available.
2025-01-15 16:13:07,984 - INFO - Starting the scrape_google_maps_metadata function
2025-01-15 16:13:07,985 - INFO - API queries_quota: 60
2025-01-15 16:13:08,618 - INFO - No more pages available.
2025-01-15 16:13:08,624 - INFO - Starting the scrape_google_maps_metadata function
2025-01-15 16:13:08,626 - INFO - API queries_quota: 60
2025-01-15 16:13:09,115 - INFO - No more pages available.
2025-01-15 16:13:09,120 - INFO - Starting the scrape_google_maps_metadata function
2025-01-15 16:13:09,122 - INFO - API queries_quota: 60
2025-01-15 16:13:09,722 - INFO - No more pages available.
2025-01-15 16:13:09,725 - INFO - Starting the scrape_google_maps_metadata function
2025-01-15 16:13:09,726 - INFO - API queries_quota: 60
2025-01-15 16:13:10,275 - INFO - No more pages available.
2025-01-15 16:13:10,279 - INFO - Starting the scrape_google_maps_metadata function
2025-01-15 16:13:10,281 - INFO - API queries_quota: 60
2025-01-15 16:13:10,831 - INFO - No more pages available.
2025-01-15 16:13:10,836 - INFO - Starting the scrape_google_maps_metadata function
2025-01-15 16:13:10,838 - INFO - API queries_quota: 60
2025-01-15 16:13:11,368 - INFO - No more pages available.
2025-01-15 16:13:11,373 - INFO - Starting the scrape_google_maps_metadata function
2025-01-15 16:13:11,375 - INFO - API queries_quota: 60
2025-01-15 16:13:11,941 - INFO - No more pages available.
2025-01-15 16:13:11,947 - INFO - Starting the scrape_google_maps_metadata function
2025-01-15 16:13:11,949 - INFO - API queries_quota: 60
2025-01-15 16:13:12,516 - INFO - No more pages available.
2025-01-15 16:13:12,521 - INFO - Starting the scrape_google_maps_metadata function
2025-01-15 16:13:12,522 - INFO - API queries_quota: 60
2025-01-15 16:13:13,115 - INFO - No more pages available.
2025-01-15 16:13:13,120 - INFO - Starting the scrape_google_maps_metadata function
2025-01-15 16:13:13,122 - INFO - API queries_quota: 60
2025-01-15 16:13:13,607 - INFO - No more pages available.
2025-01-15 16:13:13,613 - INFO - Starting the scrape_google_maps_metadata function
2025-01-15 16:13:13,615 - INFO - API queries_quota: 60
2025-01-15 16:13:14,235 - INFO - No more pages available.
2025-01-15 16:13:14,242 - INFO - Starting the scrape_google_maps_metadata function
2025-01-15 16:13:14,244 - INFO - API queries_quota: 60
2025-01-15 16:13:14,818 - INFO - No more pages available.
2025-01-15 16:13:14,823 - INFO - Starting the scrape_google_maps_metadata function
2025-01-15 16:13:14,825 - INFO - API queries_quota: 60
2025-01-15 16:13:15,334 - INFO - No more pages available.
2025-01-15 16:13:15,338 - INFO - Starting the scrape_google_maps_metadata function
2025-01-15 16:13:15,339 - INFO - API queries_quota: 60
2025-01-15 16:13:15,894 - INFO - No more pages available.
2025-01-15 16:13:15,898 - INFO - Starting the scrape_google_maps_metadata function
2025-01-15 16:13:15,900 - INFO - API queries_quota: 60
2025-01-15 16:13:16,662 - INFO - Waiting for next page token to activate...
2025-01-15 16:13:19,671 - INFO - Starting the scrape_google_maps_metadata function
2025-01-15 16:13:19,674 - INFO - API queries_quota: 60
2025-01-15 16:13:20,375 - INFO - No more pages available.
2025-01-15 16:13:20,381 - INFO - Starting the scrape_google_maps_metadata function
2025-01-15 16:13:20,383 - INFO - API queries_quota: 60
2025-01-15 16:13:20,925 - INFO - No more pages available.
2025-01-15 16:13:20,930 - INFO - Starting the scrape_google_maps_metadata function
2025-01-15 16:13:20,932 - INFO - API queries_quota: 60
2025-01-15 16:13:21,432 - INFO - No more pages available.
2025-01-15 16:13:21,437 - INFO - Starting the scrape_google_maps_metadata function
2025-01-15 16:13:21,439 - INFO - API queries_quota: 60
2025-01-15 16:13:21,920 - INFO - No more pages available.
2025-01-15 16:13:21,925 - INFO - Starting the scrape_google_maps_metadata function
2025-01-15 16:13:21,927 - INFO - API queries_quota: 60
2025-01-15 16:13:22,441 - INFO - No more pages available.
2025-01-15 16:13:22,447 - INFO - Starting the scrape_google_maps_metadata function
2025-01-15 16:13:22,450 - INFO - API queries_quota: 60
2025-01-15 16:13:22,989 - INFO - No more pages available.
2025-01-15 16:13:22,995 - INFO - Starting the scrape_google_maps_metadata function
2025-01-15 16:13:22,996 - INFO - API queries_quota: 60
2025-01-15 16:13:23,550 - INFO - No more pages available.
2025-01-15 16:13:23,555 - INFO - Starting the scrape_google_maps_metadata function
2025-01-15 16:13:23,556 - INFO - API queries_quota: 60
2025-01-15 16:13:24,072 - INFO - No more pages available.
2025-01-15 16:13:24,078 - INFO - Starting the scrape_google_maps_metadata function
2025-01-15 16:13:24,079 - INFO - API queries_quota: 60
2025-01-15 16:13:24,546 - INFO - No more pages available.
2025-01-15 16:13:24,551 - INFO - Starting the scrape_google_maps_metadata function
2025-01-15 16:13:24,552 - INFO - API queries_quota: 60
2025-01-15 16:13:25,028 - INFO - No more pages available.
2025-01-15 16:13:25,032 - INFO - Starting the scrape_google_maps_metadata function
2025-01-15 16:13:25,035 - INFO - API queries_quota: 60
2025-01-15 16:13:25,557 - INFO - No more pages available.
2025-01-15 16:13:25,562 - INFO - Starting the scrape_google_maps_metadata function
2025-01-15 16:13:25,564 - INFO - API queries_quota: 60
2025-01-15 16:13:26,216 - INFO - No more pages available.
2025-01-15 16:13:26,221 - INFO - Starting the scrape_google_maps_metadata function
2025-01-15 16:13:26,222 - INFO - API queries_quota: 60
2025-01-15 16:13:26,675 - INFO - No more pages available.
2025-01-15 16:13:26,681 - INFO - Starting the scrape_google_maps_metadata function
2025-01-15 16:13:26,683 - INFO - API queries_quota: 60
2025-01-15 16:13:27,236 - INFO - No more pages available.
2025-01-15 16:13:27,241 - INFO - Starting the scrape_google_maps_metadata function
2025-01-15 16:13:27,242 - INFO - API queries_quota: 60
2025-01-15 16:13:27,831 - INFO - No more pages available.
2025-01-15 16:13:27,836 - INFO - Starting the scrape_google_maps_metadata function
2025-01-15 16:13:27,837 - INFO - API queries_quota: 60
2025-01-15 16:13:28,327 - INFO - No more pages available.
2025-01-15 16:13:28,332 - INFO - Starting the scrape_google_maps_metadata function
2025-01-15 16:13:28,334 - INFO - API queries_quota: 60
2025-01-15 16:13:28,833 - INFO - No more pages available.
2025-01-15 16:13:28,837 - INFO - Starting the scrape_google_maps_metadata function
2025-01-15 16:13:28,839 - INFO - API queries_quota: 60
2025-01-15 16:13:29,386 - INFO - No more pages available.
2025-01-15 16:13:29,390 - INFO - Starting the scrape_google_maps_metadata function
2025-01-15 16:13:29,392 - INFO - API queries_quota: 60
2025-01-15 16:13:29,884 - INFO - No more pages available.
2025-01-15 16:13:29,888 - INFO - Starting the scrape_google_maps_metadata function
2025-01-15 16:13:29,889 - INFO - API queries_quota: 60
2025-01-15 16:13:30,338 - INFO - No more pages available.
2025-01-15 16:13:30,345 - INFO - Starting the scrape_google_maps_metadata function
2025-01-15 16:13:30,346 - INFO - API queries_quota: 60
2025-01-15 16:13:30,876 - INFO - No more pages available.
2025-01-15 16:13:30,880 - INFO - Starting the scrape_google_maps_metadata function
2025-01-15 16:13:30,882 - INFO - API queries_quota: 60
2025-01-15 16:13:31,439 - INFO - No more pages available.
2025-01-15 16:13:31,444 - INFO - Starting the scrape_google_maps_metadata function
2025-01-15 16:13:31,446 - INFO - API queries_quota: 60
2025-01-15 16:13:31,896 - INFO - No more pages available.
2025-01-15 16:13:31,902 - INFO - Starting the scrape_google_maps_metadata function
2025-01-15 16:13:31,903 - INFO - API queries_quota: 60
2025-01-15 16:13:32,467 - INFO - No more pages available.
2025-01-15 16:13:32,471 - INFO - Starting the scrape_google_maps_metadata function
2025-01-15 16:13:32,472 - INFO - API queries_quota: 60
2025-01-15 16:13:33,022 - INFO - No more pages available.
2025-01-15 16:13:33,025 - INFO - Starting the scrape_google_maps_metadata function
2025-01-15 16:13:33,027 - INFO - API queries_quota: 60
2025-01-15 16:13:33,710 - INFO - Waiting for next page token to activate...
